This is LuaHBTeX, Version 1.24.0 (TeX Live 2026/Arch Linux)  (format=lualatex 2026.4.28)  28 APR 2026 22:19
 restricted system commands enabled.
 file:line:error style messages enabled.
**"/home/klimentij/University/Banking Scoring/LaTeX/CourseWork"
("/home/klimentij/University/Banking Scoring/LaTeX/CourseWork.tex"
LaTeX2e <2025-11-01>
L3 programming layer <2026-01-19>
Lua module: luaotfload 2024-12-03 v3.29 Lua based OpenType font support
Lua module: lualibs 2023-07-13 v2.76 ConTeXt Lua standard libraries.
Lua module: lualibs-extended 2023-07-13 v2.76 ConTeXt Lua libraries -- extended collection.
luaotfload | conf : Root cache directory is "/home/klimentij/.texlive/texmf-var/luatex-cache/generic/names".
luaotfload | init : Loading fontloader "fontloader-2023-12-28.lua" from kpse-resolved path "/usr/share/texmf-dist/tex/luatex/luaotfload/fontloader-2023-12-28.lua".
Lua-only attribute luaotfload@noligature = 1
luaotfload | init : Context OpenType loader version 3.134
Inserting `luaotfload.node_processor' in `pre_linebreak_filter'.
Inserting `luaotfload.node_processor' in `hpack_filter'.
Inserting `luaotfload.glyph_stream' in `glyph_stream_provider'.
Inserting `luaotfload.define_font' in `define_font'.
Lua-only attribute luaotfload_color_attribute = 2
luaotfload | conf : Root cache directory is "/home/klimentij/.texlive/texmf-var/luatex-cache/generic/names".
Inserting `luaotfload.harf.strip_prefix' in `find_opentype_file'.
Inserting `luaotfload.harf.strip_prefix' in `find_truetype_file'.
Removing  `luaotfload.glyph_stream' from `glyph_stream_provider'.
Inserting `luaotfload.harf.glyphstream' in `glyph_stream_provider'.
Inserting `luaotfload.harf.finalize_vlist' in `post_linebreak_filter'.
Inserting `luaotfload.harf.finalize_hlist' in `hpack_filter'.
Inserting `luaotfload.cleanup_files' in `wrapup_run'.
Inserting `luaotfload.harf.finalize_unicode' in `finish_pdffile'.
Inserting `luaotfload.glyphinfo' in `glyph_info'.
Lua-only attribute luaotfload.letterspace_done = 3
Inserting `luaotfload.aux.set_sscale_dimens' in `luaotfload.patch_font'.
Inserting `luaotfload.aux.set_font_index' in `luaotfload.patch_font'.
Inserting `luaotfload.aux.patch_cambria_domh' in `luaotfload.patch_font'.
Inserting `luaotfload.aux.fixup_fontdata' in `luaotfload.patch_font_unsafe'.
Inserting `luaotfload.aux.set_capheight' in `luaotfload.patch_font'.
Inserting `luaotfload.aux.set_xheight' in `luaotfload.patch_font'.
Inserting `luaotfload.rewrite_fontname' in `luaotfload.patch_font'.
Inserting `tracingstacklevels' in `input_level_string'. (/usr/share/texmf-dist/tex/latex/extsizes/extarticle.cls
Document Class: extarticle 1996/10/08 v1.0 Non Standard LaTeX document class
(/usr/share/texmf-dist/tex/latex/extsizes/size14.clo
File: size14.clo 1999/11/11 v1.4a NON-Standard LaTeX file (size option)
luaotfload | db : Font names database loaded from /home/klimentij/.texlive/texmf-var/luatex-cache/generic/names/luaotfload-names.luc.gz) (/usr/share/texmf-dist/tex/latex/base/exscale.sty
Package: exscale 2025/06/05 v2.1i Standard LaTeX package exscale
LaTeX Font Info:    Redeclaring symbol font `largesymbols' on input line 57.
LaTeX Font Info:    Overwriting symbol font `largesymbols' in version `normal'
(Font)                  OMX/cmex/m/n --> OMX/cmex/m/n on input line 57.
LaTeX Font Info:    Overwriting symbol font `largesymbols' in version `bold'
(Font)                  OMX/cmex/m/n --> OMX/cmex/m/n on input line 57.
\big@size=\dimen147
)
\c@part=\count273
\c@section=\count274
\c@subsection=\count275
\c@subsubsection=\count276
\c@paragraph=\count277
\c@subparagraph=\count278
\c@figure=\count279
\c@table=\count280
\abovecaptionskip=\skip49
\belowcaptionskip=\skip50
\bibindent=\dimen148
) (/usr/share/texmf-dist/tex/latex/microtype/microtype.sty
Package: microtype 2026/03/01 v3.2d Micro-typographical refinements (RS)
 (/usr/share/texmf-dist/tex/latex/graphics/keyval.sty
Package: keyval 2022/05/29 v1.15 key=value parser (DPC)
\KV@toks@=\toks17
) (/usr/share/texmf-dist/tex/latex/etoolbox/etoolbox.sty
Package: etoolbox 2025/10/02 v2.5m e-TeX tools for LaTeX (JAW)
\etb@tempcnta=\count281
)
\MT@toks=\toks18
\MT@tempbox=\box53
\MT@count=\count282
LaTeX Info: Redefining \noprotrusionifhmode on input line 1084.
LaTeX Info: Redefining \leftprotrusion on input line 1085.
\MT@prot@toks=\toks19
LaTeX Info: Redefining \rightprotrusion on input line 1104.
LaTeX Info: Redefining \textls on input line 1449.
\MT@outer@kern=\dimen149
LaTeX Info: Redefining \microtypecontext on input line 2053.
LaTeX Info: Redefining \textmicrotypecontext on input line 2070.
\MT@listname@count=\count283
 (/usr/share/texmf-dist/tex/latex/microtype/microtype-luatex.def
File: microtype-luatex.def 2026/03/01 v3.2d Definitions specific to luatex (RS)
Lua module: microtype 2026/03/01 v3.2d microtype module.
Module microtype Info: overwriting function `keepligature' on input line 63
LaTeX Info: Redefining \lsstyle on input line 779.
LaTeX Info: Redefining \lslig on input line 779.
\MT@outer@space=\skip51
)
Package microtype Info: Loading configuration file microtype.cfg.
 (/usr/share/texmf-dist/tex/latex/microtype/microtype.cfg
File: microtype.cfg 2026/03/01 v3.2d microtype main configuration file (RS)
)
LaTeX Info: Redefining \microtypesetup on input line 3065.
) (/usr/share/texmf-dist/tex/latex/was/icomma.sty
Package: icomma 2002/03/10 v2.0 (WaS)
) (/usr/share/texmf-dist/tex/latex/fontspec/fontspec.sty (/usr/share/texmf-dist/tex/latex/l3packages/xparse/xparse.sty (/usr/share/texmf-dist/tex/latex/l3kernel/expl3.sty
Package: expl3 2026-01-19 L3 programming layer (loader) 
 (/usr/share/texmf-dist/tex/latex/l3backend/l3backend-luatex.def
File: l3backend-luatex.def 2025-10-09 L3 backend support: PDF output (LuaTeX)
\l__color_backend_stack_int=\count284
Inserting `l3color' in `luaotfload.parse_color'.))
Package: xparse 2025-10-09 L3 Experimental document command parser
)
Package: fontspec 2025/09/29 v2.9g Font selection for XeLaTeX and LuaLaTeX
Lua module: fontspec 2025/09/29 v2.9g Font selection for XeLaTeX and LuaLaTeX (/usr/share/texmf-dist/tex/latex/fontspec/fontspec-luatex.sty
Package: fontspec-luatex 2025/09/29 v2.9g Font selection for XeLaTeX and LuaLaTeX
\l__fontspec_script_int=\count285
\l__fontspec_language_int=\count286
\l__fontspec_strnum_int=\count287
\l__fontspec_tmp_int=\count288
\l__fontspec_tmpa_int=\count289
\l__fontspec_tmpb_int=\count290
\l__fontspec_tmpc_int=\count291
\l__fontspec_em_int=\count292
\l__fontspec_emdef_int=\count293
\l__fontspec_strong_int=\count294
\l__fontspec_strongdef_int=\count295
\l__fontspec_tmpa_dim=\dimen150
\l__fontspec_tmpb_dim=\dimen151
\l__fontspec_tmpc_dim=\dimen152
 (/usr/share/texmf-dist/tex/latex/base/fontenc.sty
Package: fontenc 2025/07/18 v2.1d Standard LaTeX package
) (/usr/share/texmf-dist/tex/latex/fontspec/fontspec.cfg)))
luaotfload | cache : Lookup cache loaded from /home/klimentij/.texlive/texmf-var/luatex-cache/generic/names/luaotfload-lookup-cache.luc.

Package fontspec Info: 
(fontspec)             Times New Roman scale = 1.0.


Package fontspec Info: 
(fontspec)             Times New Roman scale = 1.0.


Package fontspec Info: 
(fontspec)             Times New Roman Bold scale = 1.0.


Package fontspec Info: 
(fontspec)             Times New Roman Italic scale = 1.0.


Package fontspec Info: 
(fontspec)             Times New Roman Bold Italic scale = 1.0.


Package fontspec Info: 
(fontspec)             Font family 'TimesNewRoman(0)' created for font 'Times
(fontspec)             New Roman' with options [Ligatures=TeX,BoldFont=Times
(fontspec)             New Roman Bold,ItalicFont=Times New Roman
(fontspec)             Italic,BoldItalicFont=Times New Roman Bold
(fontspec)             Italic,Scale=1.0,Ligatures=TeX].
(fontspec)              
(fontspec)              This font family consists of the following NFSS
(fontspec)             series/shapes:
(fontspec)              
(fontspec)             - 'normal' (m/n) with NFSS spec.: <->s*[1.0]"name:Times
(fontspec)             New Roman:mode=node;language=dflt;+tlig;"
(fontspec)             - 'bold' (b/n) with NFSS spec.: <->s*[1.0]"name:Times
(fontspec)             New Roman Bold:mode=node;language=dflt;+tlig;"
(fontspec)             - 'italic' (m/it) with NFSS spec.:
(fontspec)             <->s*[1.0]"name:Times New Roman
(fontspec)             Italic:mode=node;language=dflt;+tlig;"
(fontspec)             - 'bold italic' (b/it) with NFSS spec.:
(fontspec)             <->s*[1.0]"name:Times New Roman Bold
(fontspec)             Italic:mode=node;language=dflt;+tlig;"

LaTeX Font Info:    Font shape `TU/TimesNewRoman(0)/m/n' will be
(Font)              scaled to size 14.4pt on input line 21.
 (/usr/share/texmf-dist/tex/generic/babel/babel.sty
Package: babel 2026/02/14 v26.3 The multilingual framework for LuaLaTeX, pdfLaTeX and XeLaTeX
 (/usr/share/texmf-dist/tex/generic/babel/luababel.def
\bbl@readstream=\read2
\l@dumylang=\language2
Package babel Info: Non-standard hyphenation setup on input line 118.
\l@nohyphenation=\language3
\babelcatcodetablenum=\catcodetable14
\bbl@pattcodes=\catcodetable15
)
\babel@savecnt=\count296
LaTeX Encoding Info:    Redeclaring text command \ij (encoding OT1) on input line 2078.
LaTeX Encoding Info:    Redeclaring text command \IJ (encoding OT1) on input line 2080.
LaTeX Encoding Info:    Redeclaring text command \ij (encoding T1) on input line 2082.
LaTeX Encoding Info:    Redeclaring text command \IJ (encoding T1) on input line 2083.
LaTeX Encoding Info:    Ignoring declaration for text command \ij (encoding ?) on input line 2084.
LaTeX Encoding Info:    Ignoring declaration for text command \IJ (encoding ?) on input line 2086.
LaTeX Encoding Info:    Ignoring declaration for text command \SS (encoding ?) on input line 2111.
\U@D=\dimen153
\l@unhyphenated=\language4
 (/usr/share/texmf-dist/tex/generic/babel/luababel.def
\bbl@attr@locale=\attribute4
) (/usr/share/texmf-dist/tex/generic/babel/locale/en/babel-english.tex)
Package babel Info: Importing font and identification data for english
(babel)             from babel-en.ini. Reported on input line 4330.
 (/usr/share/texmf-dist/tex/generic/babel-english/english.ldf
Language: english 2017/06/06 v3.3r English support from the babel system
Package babel Info: Hyphen rules for 'british' set to \l@english
(babel)             (\language0). Reported on input line 82.
Package babel Info: Hyphen rules for 'UKenglish' set to \l@english
(babel)             (\language0). Reported on input line 83.
Package babel Info: Hyphen rules for 'canadian' set to \l@english
(babel)             (\language0). Reported on input line 102.
Package babel Info: Hyphen rules for 'australian' set to \l@english
(babel)             (\language0). Reported on input line 105.
Package babel Info: Hyphen rules for 'newzealand' set to \l@english
(babel)             (\language0). Reported on input line 108.
)) (/usr/share/texmf-dist/tex/generic/babel/locale/ru/babel-russian.tex)
Package babel Info: Importing data for russian
(babel)             from babel-ru.ini. Reported on input line 27.
Package babel Info: Hyphen rules for 'russian' set to \l@english
(babel)             (\language0). Reported on input line 27.
 (/usr/share/texmf-dist/tex/latex/amsmath/amsmath.sty
Package: amsmath 2025/07/09 v2.17z AMS math features
\@mathmargin=\skip52

For additional information on amsmath, use the `?' option.
(/usr/share/texmf-dist/tex/latex/amsmath/amstext.sty
Package: amstext 2024/11/17 v2.01 AMS text
 (/usr/share/texmf-dist/tex/latex/amsmath/amsgen.sty
File: amsgen.sty 1999/11/30 v2.0 generic functions
\@emptytoks=\toks20
\ex@=\dimen154
)) (/usr/share/texmf-dist/tex/latex/amsmath/amsbsy.sty
Package: amsbsy 1999/11/29 v1.2d Bold Symbols
\pmbraise@=\dimen155
) (/usr/share/texmf-dist/tex/latex/amsmath/amsopn.sty
Package: amsopn 2022/04/08 v2.04 operator names
)
\inf@bad=\count297
LaTeX Info: Redefining \frac on input line 235.
\uproot@=\count298
\leftroot@=\count299
LaTeX Info: Redefining \overline on input line 398.
LaTeX Info: Redefining \colon on input line 409.
\classnum@=\count300
\DOTSCASE@=\count301
LaTeX Info: Redefining \ldots on input line 495.
LaTeX Info: Redefining \dots on input line 498.
LaTeX Info: Redefining \cdots on input line 619.
\Mathstrutbox@=\box54
\strutbox@=\box55
LaTeX Info: Redefining \big on input line 721.
LaTeX Info: Redefining \Big on input line 722.
LaTeX Info: Redefining \bigg on input line 723.
LaTeX Info: Redefining \Bigg on input line 724.
\big@size=\dimen156
LaTeX Font Info:    Redeclaring font encoding OML on input line 742.
LaTeX Font Info:    Redeclaring font encoding OMS on input line 743.
\macc@depth=\count302
LaTeX Info: Redefining \bmod on input line 904.
LaTeX Info: Redefining \pmod on input line 909.
LaTeX Info: Redefining \smash on input line 939.
LaTeX Info: Redefining \relbar on input line 969.
LaTeX Info: Redefining \Relbar on input line 970.
\c@MaxMatrixCols=\count303
\dotsspace@=\muskip17
\c@parentequation=\count304
\dspbrk@lvl=\count305
\tag@help=\toks21
\row@=\count306
\column@=\count307
\maxfields@=\count308
\andhelp@=\toks22
\eqnshift@=\dimen157
\alignsep@=\dimen158
\tagshift@=\dimen159
\tagwidth@=\dimen160
\totwidth@=\dimen161
\lineht@=\dimen162
\@envbody=\toks23
\multlinegap=\skip53
\multlinetaggap=\skip54
\mathdisplay@stack=\toks24
LaTeX Info: Redefining \[ on input line 2950.
LaTeX Info: Redefining \] on input line 2951.
) (/usr/share/texmf-dist/tex/latex/amsfonts/amsfonts.sty
Package: amsfonts 2013/01/14 v3.01 Basic AMSFonts support
\symAMSa=\mathgroup4
\symAMSb=\mathgroup5
LaTeX Font Info:    Redeclaring math symbol \hbar on input line 98.
LaTeX Font Info:    Overwriting math alphabet `\mathfrak' in version `bold'
(Font)                  U/euf/m/n --> U/euf/b/n on input line 106.
) (/usr/share/texmf-dist/tex/latex/amsfonts/amssymb.sty
Package: amssymb 2013/01/14 v3.01 AMS font symbols
) (/usr/share/texmf-dist/tex/latex/graphics/graphicx.sty
Package: graphicx 2024/12/31 v1.2e Enhanced LaTeX Graphics (DPC,SPQR)
 (/usr/share/texmf-dist/tex/latex/graphics/graphics.sty
Package: graphics 2024/08/06 v1.4g Standard LaTeX Graphics (DPC,SPQR)
 (/usr/share/texmf-dist/tex/latex/graphics/trig.sty
Package: trig 2023/12/02 v1.11 sin cos tan (DPC)
) (/usr/share/texmf-dist/tex/latex/graphics-cfg/graphics.cfg
File: graphics.cfg 2016/06/04 v1.11 sample graphics configuration
)
Package graphics Info: Driver file: luatex.def on input line 106.
 (/usr/share/texmf-dist/tex/latex/graphics-def/luatex.def
File: luatex.def 2025/09/29 v1.2f Graphics/color driver for luatex
))
\Gin@req@height=\dimen163
\Gin@req@width=\dimen164
) (/usr/share/texmf-dist/tex/latex/float/float.sty
Package: float 2001/11/08 v1.3d Float enhancements (AL)
\c@float@type=\count309
\float@exts=\toks25
\float@box=\box56
\@float@everytoks=\toks26
\@floatcapt=\box57
) (/usr/share/texmf-dist/tex/latex/geometry/geometry.sty
Package: geometry 2020/01/02 v5.9 Page Geometry
 (/usr/share/texmf-dist/tex/generic/iftex/ifvtex.sty
Package: ifvtex 2019/10/25 v1.7 ifvtex legacy package. Use iftex instead.
 (/usr/share/texmf-dist/tex/generic/iftex/iftex.sty
Package: iftex 2024/12/12 v1.0g TeX engine tests
))
\Gm@cnth=\count310
\Gm@cntv=\count311
\c@Gm@tempcnt=\count312
\Gm@bindingoffset=\dimen165
\Gm@wd@mp=\dimen166
\Gm@odd@mp=\dimen167
\Gm@even@mp=\dimen168
\Gm@layoutwidth=\dimen169
\Gm@layoutheight=\dimen170
\Gm@layouthoffset=\dimen171
\Gm@layoutvoffset=\dimen172
\Gm@dimlist=\toks27
) (/usr/share/texmf-dist/tex/latex/setspace/setspace.sty
Package: setspace 2022/12/04 v6.7b set line spacing
) (/usr/share/texmf-dist/tex/latex/tools/indentfirst.sty
Package: indentfirst 2023/07/02 v1.03 Indent first paragraph (DPC)
) (/usr/share/texmf-dist/tex/latex/bookmark/bookmark.sty
Package: bookmark 2023-12-10 v1.31 PDF bookmarks (HO)
 (/usr/share/texmf-dist/tex/latex/hyperref/hyperref.sty
Package: hyperref 2026-01-29 v7.01p Hypertext links for LaTeX
 (/usr/share/texmf-dist/tex/latex/kvsetkeys/kvsetkeys.sty
Package: kvsetkeys 2022-10-05 v1.19 Key value parser (HO)
) (/usr/share/texmf-dist/tex/generic/kvdefinekeys/kvdefinekeys.sty
Package: kvdefinekeys 2019-12-19 v1.6 Define keys (HO)
) (/usr/share/texmf-dist/tex/generic/pdfescape/pdfescape.sty
Package: pdfescape 2019/12/09 v1.15 Implements pdfTeX's escape features (HO)
 (/usr/share/texmf-dist/tex/generic/ltxcmds/ltxcmds.sty
Package: ltxcmds 2023-12-04 v1.26 LaTeX kernel commands for general use (HO)
) (/usr/share/texmf-dist/tex/generic/pdftexcmds/pdftexcmds.sty
Package: pdftexcmds 2020-06-27 v0.33 Utility functions of pdfTeX for LuaTeX (HO)
 (/usr/share/texmf-dist/tex/generic/infwarerr/infwarerr.sty
Package: infwarerr 2019/12/03 v1.5 Providing info/warning/error messages (HO)
)
Package pdftexcmds Info: \pdf@primitive is available.
Package pdftexcmds Info: \pdf@ifprimitive is available.
Package pdftexcmds Info: \pdfdraftmode found.
\pdftexcmds@toks=\toks28
)) (/usr/share/texmf-dist/tex/latex/hycolor/hycolor.sty
Package: hycolor 2020-01-27 v1.10 Color options for hyperref/bookmark (HO)
) (/usr/share/texmf-dist/tex/latex/hyperref/nameref.sty
Package: nameref 2026-01-29 v2.58 Cross-referencing by name of section
 (/usr/share/texmf-dist/tex/latex/refcount/refcount.sty
Package: refcount 2019/12/15 v3.6 Data extraction from label references (HO)
) (/usr/share/texmf-dist/tex/generic/gettitlestring/gettitlestring.sty
Package: gettitlestring 2019/12/15 v1.6 Cleanup title references (HO)
 (/usr/share/texmf-dist/tex/latex/kvoptions/kvoptions.sty
Package: kvoptions 2022-06-15 v3.15 Key value format for package options (HO)
))
\c@section@level=\count313
) (/usr/share/texmf-dist/tex/generic/stringenc/stringenc.sty
Package: stringenc 2019/11/29 v1.12 Convert strings between diff. encodings (HO)
)
\@linkdim=\dimen173
\Hy@linkcounter=\count314
\Hy@pagecounter=\count315
 (/usr/share/texmf-dist/tex/latex/hyperref/pd1enc.def
File: pd1enc.def 2026-01-29 v7.01p Hyperref: PDFDocEncoding definition (HO)
) (/usr/share/texmf-dist/tex/generic/intcalc/intcalc.sty
Package: intcalc 2019/12/15 v1.3 Expandable calculations with integers (HO)
)
\Hy@SavedSpaceFactor=\count316
 (/usr/share/texmf-dist/tex/latex/hyperref/puenc.def
File: puenc.def 2026-01-29 v7.01p Hyperref: PDF Unicode definition (HO)
)
Package hyperref Info: Option `unicode' set `true' on input line 3166.
Package hyperref Info: Hyper figures OFF on input line 4201.
Package hyperref Info: Link nesting OFF on input line 4206.
Package hyperref Info: Hyper index ON on input line 4209.
Package hyperref Info: Plain pages OFF on input line 4216.
Package hyperref Info: Backreferencing OFF on input line 4221.
Package hyperref Info: Implicit mode ON; LaTeX internals redefined.
Package hyperref Info: Bookmarks ON on input line 4468.
\c@Hy@tempcnt=\count317
 (/usr/share/texmf-dist/tex/latex/url/url.sty
\Urlmuskip=\muskip18
Package: url 2013/09/16  ver 3.4  Verb mode for urls, etc.
)
LaTeX Info: Redefining \url on input line 4807.
\XeTeXLinkMargin=\dimen174
 (/usr/share/texmf-dist/tex/generic/bitset/bitset.sty
Package: bitset 2019/12/09 v1.3 Handle bit-vector datatype (HO)
 (/usr/share/texmf-dist/tex/generic/bigintcalc/bigintcalc.sty
Package: bigintcalc 2019/12/15 v1.5 Expandable calculations on big integers (HO)
))
\Fld@menulength=\count318
\Field@Width=\dimen175
\Fld@charsize=\dimen176
Package hyperref Info: Hyper figures OFF on input line 6084.
Package hyperref Info: Link nesting OFF on input line 6089.
Package hyperref Info: Hyper index ON on input line 6092.
Package hyperref Info: backreferencing OFF on input line 6099.
Package hyperref Info: Link coloring OFF on input line 6104.
Package hyperref Info: Link coloring with OCG OFF on input line 6109.
Package hyperref Info: PDF/A mode OFF on input line 6114.
\Hy@abspage=\count319
\c@Item=\count320
\c@Hfootnote=\count321
)
Package hyperref Info: Driver (autodetected): hluatex.
 (/usr/share/texmf-dist/tex/latex/hyperref/hluatex.def
File: hluatex.def 2026-01-29 v7.01p Hyperref driver for luaTeX
\Fld@listcount=\count322
\c@bookmark@seq@number=\count323
 (/usr/share/texmf-dist/tex/latex/rerunfilecheck/rerunfilecheck.sty
Package: rerunfilecheck 2025-06-21 v1.11 Rerun checks for auxiliary files (HO)
 (/usr/share/texmf-dist/tex/generic/uniquecounter/uniquecounter.sty
Package: uniquecounter 2019/12/15 v1.4 Provide unlimited unique counter (HO)
)
Package uniquecounter Info: New unique counter `rerunfilecheck' on input line 284.
)
\Hy@SectionHShift=\skip55
) (/usr/share/texmf-dist/tex/latex/bookmark/bkm-pdftex.def
File: bkm-pdftex.def 2023-12-10 v1.31 bookmark driver for pdfTeX and luaTeX (HO)
\BKM@id=\count324
)) (/usr/share/texmf-dist/tex/latex/caption/caption.sty
Package: caption 2023/08/05 v3.6o Customizing captions (AR)
 (/usr/share/texmf-dist/tex/latex/caption/caption3.sty
Package: caption3 2023/07/31 v2.4d caption3 kernel (AR)
\caption@tempdima=\dimen177
\captionmargin=\dimen178
\caption@leftmargin=\dimen179
\caption@rightmargin=\dimen180
\caption@width=\dimen181
\caption@indent=\dimen182
\caption@parindent=\dimen183
\caption@hangindent=\dimen184
Package caption Info: Standard document class detected.
)
\c@caption@flags=\count325
\c@continuedfloat=\count326
Package caption Info: float package is loaded.
Package caption Info: hyperref package is loaded.
) (/usr/share/texmf-dist/tex/latex/booktabs/booktabs.sty
Package: booktabs 2020/01/12 v1.61803398 Publication quality tables
\heavyrulewidth=\dimen185
\lightrulewidth=\dimen186
\cmidrulewidth=\dimen187
\belowrulesep=\dimen188
\belowbottomsep=\dimen189
\aboverulesep=\dimen190
\abovetopsep=\dimen191
\cmidrulesep=\dimen192
\cmidrulekern=\dimen193
\defaultaddspace=\dimen194
\@cmidla=\count327
\@cmidlb=\count328
\@aboverulesep=\dimen195
\@belowrulesep=\dimen196
\@thisruleclass=\count329
\@lastruleclass=\count330
\@thisrulewidth=\dimen197
) (/usr/share/texmf-dist/tex/latex/tools/array.sty
Package: array 2025/09/25 v2.6n Tabular extension package (FMi)
\col@sep=\dimen198
\ar@mcellbox=\box58
\extrarowheight=\dimen199
\NC@list=\toks29
\extratabsurround=\skip56
\backup@length=\skip57
\ar@cellbox=\box59
) (/usr/share/texmf-dist/tex/latex/multirow/multirow.sty
Package: multirow 2024/11/12 v2.9 Span multiple rows of a table
\multirow@colwidth=\skip58
\multirow@cntb=\count331
\multirow@dima=\skip59
\bigstrutjot=\dimen256
) (/usr/share/texmf-dist/tex/latex/enumitem/enumitem.sty
Package: enumitem 2025/02/06 v3.11 Customized lists
\labelindent=\skip60
\enit@outerparindent=\dimen257
\enit@toks=\toks30
\enit@inbox=\box60
\enit@count@id=\count332
\enitdp@description=\count333
)
Package hyperref Info: Option `colorlinks' set `true' on input line 57.
 (/usr/share/texmf-dist/tex/latex/titlesec/titlesec.sty
Package: titlesec 2025/01/04 v2.17 Sectioning titles
\ttl@box=\box61
\beforetitleunit=\skip61
\aftertitleunit=\skip62
\ttl@plus=\dimen258
\ttl@minus=\dimen259
\ttl@toksa=\toks31
\titlewidth=\dimen260
\titlewidthlast=\dimen261
\titlewidthfirst=\dimen262
) (/usr/share/texmf-dist/tex/latex/ragged2e/ragged2e.sty
Package: ragged2e 2023/06/22 v3.6 ragged2e Package
\CenteringLeftskip=\skip63
\RaggedLeftLeftskip=\skip64
\RaggedRightLeftskip=\skip65
\CenteringRightskip=\skip66
\RaggedLeftRightskip=\skip67
\RaggedRightRightskip=\skip68
\CenteringParfillskip=\skip69
\RaggedLeftParfillskip=\skip70
\RaggedRightParfillskip=\skip71
\JustifyingParfillskip=\skip72
\CenteringParindent=\skip73
\RaggedLeftParindent=\skip74
\RaggedRightParindent=\skip75
\JustifyingParindent=\skip76
) (./CourseWork.aux)
\openout1 = CourseWork.aux

LaTeX Font Info:    Checking defaults for OML/cmm/m/it on input line 86.
LaTeX Font Info:    ... okay on input line 86.
LaTeX Font Info:    Checking defaults for OMS/cmsy/m/n on input line 86.
LaTeX Font Info:    ... okay on input line 86.
LaTeX Font Info:    Checking defaults for OT1/cmr/m/n on input line 86.
LaTeX Font Info:    ... okay on input line 86.
LaTeX Font Info:    Checking defaults for T1/cmr/m/n on input line 86.
LaTeX Font Info:    ... okay on input line 86.
LaTeX Font Info:    Checking defaults for TS1/cmr/m/n on input line 86.
LaTeX Font Info:    ... okay on input line 86.
LaTeX Font Info:    Checking defaults for TU/lmr/m/n on input line 86.
LaTeX Font Info:    ... okay on input line 86.
LaTeX Font Info:    Checking defaults for OMX/cmex/m/n on input line 86.
LaTeX Font Info:    ... okay on input line 86.
LaTeX Font Info:    Checking defaults for U/cmr/m/n on input line 86.
LaTeX Font Info:    ... okay on input line 86.
LaTeX Font Info:    Checking defaults for PD1/pdf/m/n on input line 86.
LaTeX Font Info:    ... okay on input line 86.
LaTeX Font Info:    Checking defaults for PU/pdf/m/n on input line 86.
LaTeX Font Info:    ... okay on input line 86.
LaTeX Info: Redefining \microtypecontext on input line 86.
Package microtype Info: Applying patch `item' on input line 86.
Package microtype Info: Applying patch `toc' on input line 86.
Package microtype Info: Applying patch `eqnum' on input line 86.
Package microtype Info: Applying patch `footnote' on input line 86.
Package microtype Info: Applying patch `verbatim' on input line 86.
LaTeX Info: Redefining \microtypesetup on input line 86.
Package microtype Info: Generating PDF output.
Package microtype Info: Character protrusion enabled (level 2).
Package microtype Info: Using default protrusion set `alltext'.
Package microtype Info: Automatic font expansion enabled (level 2),
(microtype)             stretch: 20, shrink: 20, step: 1, non-selected.
Package microtype Info: Using default expansion set `alltext-nott'.
Package microtype Info: Patching command `\showhyphens'.
Package microtype Info: No adjustment of tracking.
Package microtype Info: No adjustment of spacing.
Package microtype Info: No adjustment of kerning.
Package microtype Info: Loading generic protrusion settings for font family
(microtype)             `TimesNewRoman' (encoding: TU).
(microtype)             For optimal results, create family-specific settings.
(microtype)             See the microtype manual for details.

Package fontspec Info: 
(fontspec)             Adjusting the maths setup (use [no-math] to avoid
(fontspec)             this).

\symlegacymaths=\mathgroup6
LaTeX Font Info:    Overwriting symbol font `legacymaths' in version `bold'
(Font)                  OT1/cmr/m/n --> OT1/cmr/bx/n on input line 86.
LaTeX Font Info:    Redeclaring math accent \acute on input line 86.
LaTeX Font Info:    Redeclaring math accent \grave on input line 86.
LaTeX Font Info:    Redeclaring math accent \ddot on input line 86.
LaTeX Font Info:    Redeclaring math accent \tilde on input line 86.
LaTeX Font Info:    Redeclaring math accent \bar on input line 86.
LaTeX Font Info:    Redeclaring math accent \breve on input line 86.
LaTeX Font Info:    Redeclaring math accent \check on input line 86.
LaTeX Font Info:    Redeclaring math accent \hat on input line 86.
LaTeX Font Info:    Redeclaring math accent \dot on input line 86.
LaTeX Font Info:    Redeclaring math accent \mathring on input line 86.
LaTeX Font Info:    Redeclaring math symbol \Gamma on input line 86.
LaTeX Font Info:    Redeclaring math symbol \Delta on input line 86.
LaTeX Font Info:    Redeclaring math symbol \Theta on input line 86.
LaTeX Font Info:    Redeclaring math symbol \Lambda on input line 86.
LaTeX Font Info:    Redeclaring math symbol \Xi on input line 86.
LaTeX Font Info:    Redeclaring math symbol \Pi on input line 86.
LaTeX Font Info:    Redeclaring math symbol \Sigma on input line 86.
LaTeX Font Info:    Redeclaring math symbol \Upsilon on input line 86.
LaTeX Font Info:    Redeclaring math symbol \Phi on input line 86.
LaTeX Font Info:    Redeclaring math symbol \Psi on input line 86.
LaTeX Font Info:    Redeclaring math symbol \Omega on input line 86.
LaTeX Font Info:    Redeclaring math symbol \mathdollar on input line 86.
LaTeX Font Info:    Redeclaring symbol font `operators' on input line 86.
LaTeX Font Info:    Encoding `OT1' has changed to `TU' for symbol font
(Font)              `operators' in the math version `normal' on input line 86.
LaTeX Font Info:    Overwriting symbol font `operators' in version `normal'
(Font)                  OT1/cmr/m/n --> TU/TimesNewRoman(0)/m/n on input line 86.
LaTeX Font Info:    Encoding `OT1' has changed to `TU' for symbol font
(Font)              `operators' in the math version `bold' on input line 86.
LaTeX Font Info:    Overwriting symbol font `operators' in version `bold'
(Font)                  OT1/cmr/bx/n --> TU/TimesNewRoman(0)/m/n on input line 86.
LaTeX Font Info:    Overwriting symbol font `operators' in version `normal'
(Font)                  TU/TimesNewRoman(0)/m/n --> TU/TimesNewRoman(0)/m/n on input line 86.
LaTeX Font Info:    Overwriting math alphabet `\mathit' in version `normal'
(Font)                  OT1/cmr/m/it --> TU/TimesNewRoman(0)/m/it on input line 86.
LaTeX Font Info:    Overwriting math alphabet `\mathbf' in version `normal'
(Font)                  OT1/cmr/bx/n --> TU/TimesNewRoman(0)/b/n on input line 86.
LaTeX Font Info:    Overwriting math alphabet `\mathsf' in version `normal'
(Font)                  OT1/cmss/m/n --> TU/lmss/m/n on input line 86.
LaTeX Font Info:    Overwriting math alphabet `\mathtt' in version `normal'
(Font)                  OT1/cmtt/m/n --> TU/lmtt/m/n on input line 86.
LaTeX Font Info:    Overwriting symbol font `operators' in version `bold'
(Font)                  TU/TimesNewRoman(0)/m/n --> TU/TimesNewRoman(0)/b/n on input line 86.
LaTeX Font Info:    Overwriting math alphabet `\mathit' in version `bold'
(Font)                  OT1/cmr/bx/it --> TU/TimesNewRoman(0)/b/it on input line 86.
LaTeX Font Info:    Overwriting math alphabet `\mathsf' in version `bold'
(Font)                  OT1/cmss/bx/n --> TU/lmss/b/n on input line 86.
LaTeX Font Info:    Overwriting math alphabet `\mathtt' in version `bold'
(Font)                  OT1/cmtt/m/n --> TU/lmtt/b/n on input line 86.
 (/usr/share/texmf-dist/tex/context/base/mkii/supp-pdf.mkii
[Loading MPS to PDF converter (version 2006.09.02).]
\scratchcounter=\count334
\scratchdimen=\dimen263
\scratchbox=\box62
\nofMPsegments=\count335
\nofMParguments=\count336
\everyMPshowfont=\toks32
\MPscratchCnt=\count337
\MPscratchDim=\dimen264
\MPnumerator=\count338
\makeMPintoPDFobject=\count339
\everyMPtoPDFconversion=\toks33
) (/usr/share/texmf-dist/tex/latex/epstopdf-pkg/epstopdf-base.sty
Package: epstopdf-base 2020-01-24 v2.11 Base part for package epstopdf
Package epstopdf-base Info: Redefining graphics rule for `.eps' on input line 485.
 (/usr/share/texmf-dist/tex/latex/latexconfig/epstopdf-sys.cfg
File: epstopdf-sys.cfg 2010/07/13 v1.3 Configuration of (r)epstopdf for TeX Live
))
*geometry* driver: auto-detecting
*geometry* detected driver: luatex
*geometry* verbose mode - [ preamble ] result:
* driver: luatex
* paper: a4paper
* layout: <same size as paper>
* layoutoffset:(h,v)=(0.0pt,0.0pt)
* modes: 
* h-part:(L,W,R)=(85.35826pt, 469.47049pt, 42.67912pt)
* v-part:(T,H,B)=(56.9055pt, 731.23584pt, 56.9055pt)
* \paperwidth=597.50787pt
* \paperheight=845.04684pt
* \textwidth=469.47049pt
* \textheight=731.23584pt
* \oddsidemargin=13.08827pt
* \evensidemargin=13.08827pt
* \topmargin=-54.36449pt
* \headheight=14.0pt
* \headsep=25.0pt
* \topskip=14.0pt
* \footskip=30.0pt
* \marginparwidth=15.0pt
* \marginparsep=10.0pt
* \columnsep=10.0pt
* \skip\footins=12.0pt plus 4.0pt minus 2.0pt
* \hoffset=0.0pt
* \voffset=0.0pt
* \mag=1000
* \@twocolumnfalse
* \@twosidefalse
* \@mparswitchfalse
* \@reversemarginfalse
* (1in=72.27pt=25.4mm, 1cm=28.453pt)

(/usr/share/texmf-dist/tex/latex/graphics/color.sty
Package: color 2025/01/14 v1.3e Standard LaTeX Color (DPC)
 (/usr/share/texmf-dist/tex/latex/graphics-cfg/color.cfg
File: color.cfg 2016/01/02 v1.6 sample color configuration
)
Package color Info: Driver file: luatex.def on input line 149.
 (/usr/share/texmf-dist/tex/latex/graphics/mathcolor.ltx))
Package hyperref Info: Link coloring ON on input line 86.
Package caption Info: Begin \AtBeginDocument code.
Package caption Info: End \AtBeginDocument code.
LaTeX Font Info:    Font shape `TU/TimesNewRoman(0)/m/n' will be
(Font)              scaled to size 12.0pt on input line 93.
LaTeX Font Info:    Font shape `TU/TimesNewRoman(0)/m/n' will be
(Font)              scaled to size 17.28pt on input line 100.
LaTeX Font Info:    Font shape `TU/TimesNewRoman(0)/b/n' will be
(Font)              scaled to size 17.28pt on input line 100.
LaTeX Font Info:    Font shape `TU/TimesNewRoman(0)/m/n' will be
(Font)              scaled to size 20.74pt on input line 104.
LaTeX Font Info:    Font shape `TU/TimesNewRoman(0)/b/n' will be
(Font)              scaled to size 20.74pt on input line 104.
LaTeX Font Info:    Font shape `TU/TimesNewRoman(0)/m/n' will be
(Font)              scaled to size 10.0pt on input line 109.
LaTeX Font Info:    Font shape `TU/TimesNewRoman(0)/m/n' will be
(Font)              scaled to size 7.0pt on input line 109.
LaTeX Font Info:    Trying to load font information for U+msa on input line 109.
 (/usr/share/texmf-dist/tex/latex/amsfonts/umsa.fd
File: umsa.fd 2013/01/14 v3.01 AMS symbols A
) (/usr/share/texmf-dist/tex/latex/microtype/mt-msa.cfg
File: mt-msa.cfg 2006/02/04 v1.1 microtype config. file: AMS symbols (a) (RS)
)
LaTeX Font Info:    Trying to load font information for U+msb on input line 109.
 (/usr/share/texmf-dist/tex/latex/amsfonts/umsb.fd
File: umsb.fd 2013/01/14 v3.01 AMS symbols B
) (/usr/share/texmf-dist/tex/latex/microtype/mt-msb.cfg
File: mt-msb.cfg 2005/06/01 v1.0 microtype config. file: AMS symbols (b) (RS)
) (/usr/share/texmf-dist/tex/latex/microtype/mt-cmr.cfg
File: mt-cmr.cfg 2013/05/19 v2.2 microtype config. file: Computer Modern Roman (RS)
)
LaTeX Font Info:    Font shape `TU/TimesNewRoman(0)/b/n' will be
(Font)              scaled to size 14.4pt on input line 120.
 [1

{/var/lib/texmf/fonts/map/pdftex/updmap/pdftex.map}]
LaTeX Font Info:    Font shape `TU/TimesNewRoman(0)/b/n' will be
(Font)              scaled to size 14.0pt on input line 139.
 (./CourseWork.toc
Underfull \hbox (badness 10000) in paragraph at lines 3--3
 [] [][][]\TU/TimesNewRoman(0)/b/n/14.4 ОБЗОР СУЩЕСТВУЮЩИХ МЕТОДОВ ПОСТРОЕНИЯ 
 []


Underfull \hbox (badness 5374) in paragraph at lines 6--6
 [] [][][]\TU/TimesNewRoman(0)/b/n/14.4 ИСПОЛЬЗУЕМЫЙ ПОДХОД, МЕТОДЫ И АЛГОРИТМЫ 
 []


Underfull \hbox (badness 10000) in paragraph at lines 6--6
 \TU/TimesNewRoman(0)/b/n/14.4 ПОСТРОЕНИЯ СТАТИСТИЧЕСКИХ КРЕДИТНЫХ 
 []


Underfull \hbox (badness 10000) in paragraph at lines 12--12
 [][] [][][]\TU/TimesNewRoman(0)/m/n/14.4 Исследование статистической зависимости 
 []


Underfull \hbox (badness 10000) in paragraph at lines 12--12
 \TU/TimesNewRoman(0)/m/n/14.4 финансовых коэффициентов на основе 
 []


Underfull \hbox (badness 4036) in paragraph at lines 13--13
 [][] [][][]\TU/TimesNewRoman(0)/m/n/14.4 Формирование классификационных признаков по 
 []


Underfull \hbox (badness 10000) in paragraph at lines 15--15
 [][] [][][]\TU/TimesNewRoman(0)/m/n/14.4 Классификация кредитоспособности на основе 
 []


Underfull \hbox (badness 10000) in paragraph at lines 16--16
 [] [][][]\TU/TimesNewRoman(0)/b/n/14.4 РЕЗУЛЬТАТЫ ПОСТРОЕНИЯ СТАТИСТИЧЕСКИХ 
 []

[2

]
Underfull \hbox (badness 10000) in paragraph at lines 22--22
 [][] [][][]\TU/TimesNewRoman(0)/m/n/14.4 Сравнительный анализ результатов построения 
 []

)
\tf@toc=\write3

\openout3 = CourseWork.toc
 [3]
Underfull \hbox (badness 1642) in paragraph at lines 148--160
\TU/TimesNewRoman(0)/m/n/14.4 динамикой и нестабильностью, обеспечение финансовой стабильности
 []


Underfull \hbox (badness 4899) in paragraph at lines 148--160
\TU/TimesNewRoman(0)/m/n/14.4 отчётности и расчёте финансовых коэффициентов, хотя и остаются
 []

LaTeX Font Info:    Font shape `TU/TimesNewRoman(0)/m/it' will be
(Font)              scaled to size 14.4pt on input line 162.

Underfull \hbox (badness 1990) in paragraph at lines 161--169
\TU/TimesNewRoman(0)/m/n/14.4 компании по уровню риска и строить прогнозные модели на основе
 []


Underfull \hbox (badness 10000) in paragraph at lines 179--181
[]\TU/TimesNewRoman(0)/m/n/14.4 провести экспериментальное исследование эффективности
 []


Underfull \hbox (badness 2126) in paragraph at lines 179--181
\TU/TimesNewRoman(0)/m/n/14.4 используемых методов и алгоритмов построения статистических
 []

[4


]
Underfull \hbox (badness 1406) in paragraph at lines 201--202
[]\TU/TimesNewRoman(0)/m/n/14.4 использующие дополнительную (в том числе качественную)
 []


Underfull \hbox (badness 2744) in paragraph at lines 203--205
[]\TU/TimesNewRoman(0)/m/n/14.4 степень использования математического аппарата и экспертного
 []


Underfull \hbox (badness 10000) in paragraph at lines 220--224
\TU/TimesNewRoman(0)/m/n/14.4 в целом целесообразно разделять существующую практику оценки
 []

[5

]
<media/image1.png, id=98, 756.8275pt x 463.7325pt>
File: media/image1.png Graphic file (type png)
<use media/image1.png>
Package luatex.def Info: media/image1.png  used on input line 227.
(luatex.def)             Requested size: 422.52057pt x 258.8959pt.

Underfull \hbox (badness 1688) in paragraph at lines 244--249
\TU/TimesNewRoman(0)/m/n/14.4 отчетность, так и дополнительные данные (рейтинговые модели), что
 []

[6<./media/image1.png>]
Underfull \hbox (badness 1400) in paragraph at lines 251--252
[]\TU/TimesNewRoman(0)/m/n/14.4 оценка качества управления (опыт, компетентность, репутация и
 []


Underfull \hbox (badness 10000) in paragraph at lines 252--254
[]\TU/TimesNewRoman(0)/m/n/14.4 кредитная история (длительность взаимоотношений заемщика
 []


Underfull \hbox (badness 10000) in paragraph at lines 252--254
\TU/TimesNewRoman(0)/m/n/14.4 с кредитными организациями, своевременность исполнения
 []


Underfull \hbox (badness 10000) in paragraph at lines 256--258
[]\TU/TimesNewRoman(0)/m/n/14.4 анализ бухгалтерской отчетности и основных финансовых
 []


Underfull \hbox (badness 10000) in paragraph at lines 256--258
\TU/TimesNewRoman(0)/m/n/14.4 коэффициентов (рентабельность, оборачиваемость, соотношение
 []


Underfull \hbox (badness 6268) in paragraph at lines 260--265
\TU/TimesNewRoman(0)/m/n/14.4 экономических отношений, остается одной из актуальнейших задач
 []


Underfull \hbox (badness 10000) in paragraph at lines 266--270
[]\TU/TimesNewRoman(0)/m/n/14.4 В основе \TU/TimesNewRoman(0)/m/it/14.4 третьей группы \TU/TimesNewRoman(0)/m/n/14.4 лежат математические (актуарные,
 []


Underfull \hbox (badness 10000) in paragraph at lines 266--270
\TU/TimesNewRoman(0)/m/n/14.4 эконометрические) модели оценки вероятности дефолта, которые
 []


Underfull \hbox (badness 10000) in paragraph at lines 266--270
\TU/TimesNewRoman(0)/m/n/14.4 рассчитываются рейтинговыми агентствами, классифицирующими
 []

[7]
Underfull \hbox (badness 3009) in paragraph at lines 280--286
\TU/TimesNewRoman(0)/m/n/14.4 кредитоспособности заемщиков. Как отмечают многие отечественные
 []


Underfull \hbox (badness 10000) in paragraph at lines 280--286
\TU/TimesNewRoman(0)/m/n/14.4 прогнозирования дефолта предприятий в отечественных условиях,
 []


Underfull \hbox (badness 1072) in paragraph at lines 280--286
\TU/TimesNewRoman(0)/m/n/14.4 как правило, не дает достаточно точных результатов. А вместе с тем
 []


Underfull \hbox (badness 10000) in paragraph at lines 280--286
\TU/TimesNewRoman(0)/m/n/14.4 статистических данных. Чаще всего используются качественный и
 []


Underfull \hbox (badness 5592) in paragraph at lines 292--294
[]\TU/TimesNewRoman(0)/m/n/14.4 рыночная позиция (деловая активность, конкурентоспособность,
 []


Underfull \hbox (badness 6236) in paragraph at lines 297--302
\TU/TimesNewRoman(0)/m/n/14.4 факторы деятельности заемщика: положительная кредитная история;
 []


Underfull \hbox (badness 10000) in paragraph at lines 297--302
\TU/TimesNewRoman(0)/m/n/14.4 включая личностные характеристики и компетентность руководства
 []


Underfull \hbox (badness 10000) in paragraph at lines 297--302
\TU/TimesNewRoman(0)/m/n/14.4 предприятия-заемщика; деловая репутация; степень зависимости от
 []


Underfull \hbox (badness 1454) in paragraph at lines 297--302
\TU/TimesNewRoman(0)/m/n/14.4 государственных дотаций; общее состояние рынка по отрасли; общие
 []


Underfull \hbox (badness 2529) in paragraph at lines 303--311
\TU/TimesNewRoman(0)/m/n/14.4 другой стороны, качественным методам в большей степени присуща
 []


Underfull \hbox (badness 2368) in paragraph at lines 303--311
\TU/TimesNewRoman(0)/m/n/14.4 субъективность, и их результат во многом зависит от квалификации
 []


Underfull \hbox (badness 1571) in paragraph at lines 303--311
\TU/TimesNewRoman(0)/m/n/14.4 и убеждений эксперта, проводящего анализ. Кроме этого, проведение
 []

[8]
Underfull \hbox (badness 2213) in paragraph at lines 312--315
[]\TU/TimesNewRoman(0)/m/it/14.4 Количественные модели \TU/TimesNewRoman(0)/m/n/14.4 основываются, как правило, на анализе
 []


Underfull \hbox (badness 10000) in paragraph at lines 312--315
\TU/TimesNewRoman(0)/m/n/14.4 некоторого набора финансовых коэффициентов, рассчитанных на
 []


Underfull \hbox (badness 4229) in paragraph at lines 316--324
[]\TU/TimesNewRoman(0)/m/n/14.4 Подводя итог, можно отметить, что обзор уже существующих
 []

[9]
Underfull \hbox (badness 10000) in paragraph at lines 360--362
[]\TU/TimesNewRoman(0)/b/n/14.4 Содержательная интерпретация модели. \TU/TimesNewRoman(0)/m/n/14.4 В контексте
 []


Underfull \hbox (badness 1648) in paragraph at lines 360--362
\TU/TimesNewRoman(0)/m/n/14.4 рассматриваемой в рамках данного исследования задачи используется
 []

[10

]
Underfull \hbox (badness 10000) in paragraph at lines 367--368
[]\TU/TimesNewRoman(0)/m/it/14.4 Задача \TU/TimesNewRoman(0)/m/n/14.4 статистической \TU/TimesNewRoman(0)/m/it/14.4 классификации \TU/TimesNewRoman(0)/m/n/14.4 состоит в отнесении
 []


Underfull \hbox (badness 10000) in paragraph at lines 367--368
\TU/TimesNewRoman(0)/m/n/14.4 наблюдаемых объектов по наблюдениям $\OML/cmm/m/it/14.4 x[]$\TU/TimesNewRoman(0)/m/n/14.4 , удовлетворяющим
 []


Underfull \hbox (badness 5667) in paragraph at lines 367--368
\TU/TimesNewRoman(0)/m/n/14.4 рассматриваемой модели, к одному из классов $\OT1/cmr/m/n/14.4 
[]\OML/cmm/m/it/14.4 ; [] ;\OT1/cmr/m/n/14.4 
[]$\TU/TimesNewRoman(0)/m/n/14.4 . Другими
 []

[11]
Underfull \hbox (badness 6284) in paragraph at lines 396--398
\TU/TimesNewRoman(0)/m/n/14.4 --- вектор классификации, отражающий динамику изменения класса
 []

[12]
Underfull \hbox (badness 10000) in paragraph at lines 430--432
[]\TU/TimesNewRoman(0)/m/n/14.4 Формирование классификационных признаков (интегрального
 []


Underfull \hbox (badness 2173) in paragraph at lines 432--434
[]\TU/TimesNewRoman(0)/m/n/14.4 Построение кластеров, разделяющих предприятия по кредитным
 []


Underfull \hbox (badness 2173) in paragraph at lines 434--437
[]\TU/TimesNewRoman(0)/m/n/14.4 Построение кластеров, разделяющих предприятия по кредитным
 []


Underfull \hbox (badness 1721) in paragraph at lines 451--453
[]\TU/TimesNewRoman(0)/m/n/14.4 Входные параметры: набор данных $\OML/cmm/m/it/14.4 X$ \TU/TimesNewRoman(0)/m/n/14.4 размером $\OML/cmm/m/it/14.4 N$ \TU/TimesNewRoman(0)/m/n/14.4 наблюдений,
 []

[13]
Underfull \hbox (badness 1297) in paragraph at lines 460--464
\TU/TimesNewRoman(0)/m/n/14.4 обозначает текущую глубину дерева. Процедура построения
 []


Underfull \hbox (badness 1178) in paragraph at lines 464--467
[]\TU/TimesNewRoman(0)/m/n/14.4 Проверить условие остановки: если cur-rent_depth достиг
 []


Underfull \hbox (badness 10000) in paragraph at lines 464--467
\TU/TimesNewRoman(0)/m/n/14.4 предельной глубины (которая в среднем ограничена
 []


Underfull \hbox (badness 10000) in paragraph at lines 469--472
\TU/TimesNewRoman(0)/m/n/14.4 значений признака $\OML/cmm/m/it/14.4 q$\TU/TimesNewRoman(0)/m/n/14.4 , определяемого минимальным и
 []


Underfull \hbox (badness 10000) in paragraph at lines 469--472
\TU/TimesNewRoman(0)/m/n/14.4 максимальным значением этого признака в текущей
 []


Underfull \hbox (badness 5077) in paragraph at lines 475--477
[]\TU/TimesNewRoman(0)/m/n/14.4 Рекурсивно вызвать процедуру построения для левого
 []


Underfull \hbox (badness 10000) in paragraph at lines 475--477
\TU/TimesNewRoman(0)/m/n/14.4 и правого подмножеств: $[]\OT1/cmr/m/n/14.4 (\OML/cmm/m/it/14.4 L; [] \OT1/cmr/m/n/14.4 + 1)$ \TU/TimesNewRoman(0)/m/n/14.4 и
 []


Underfull \hbox (badness 1264) in paragraph at lines 483--490
[]\TU/TimesNewRoman(0)/m/n/14.4 Следующим этапом обработки аномальных наблюдений является
 []


Underfull \hbox (badness 4048) in paragraph at lines 483--490
\TU/TimesNewRoman(0)/m/n/14.4 рассматриваемых показателей, не попадающие в заданный диапазон,
 []

[14]
Underfull \hbox (badness 10000) in paragraph at lines 508--511
[]\TU/TimesNewRoman(0)/m/n/14.4 Такой подход [[]] позволяет зафиксировать экономически и
 []


Underfull \hbox (badness 2426) in paragraph at lines 514--516
[]\TU/TimesNewRoman(0)/m/n/14.4 В рамках предварительного анализа данных была осуществлена
 []


Underfull \hbox (badness 1024) in paragraph at lines 516--520
[]\TU/TimesNewRoman(0)/m/it/14.4 Выявление и исключение аномальных наблюдений\TU/TimesNewRoman(0)/m/n/14.4 : для выявления
 []


Underfull \hbox (badness 3271) in paragraph at lines 516--520
\TU/TimesNewRoman(0)/m/n/14.4 аномальных наблюдений был использован алгоритм машинного
 []


Underfull \hbox (badness 10000) in paragraph at lines 516--520
\TU/TimesNewRoman(0)/m/n/14.4 обучения El-lip-tic En-ve-lope. Он строит робастную оценку
 []


Underfull \hbox (badness 10000) in paragraph at lines 516--520
\TU/TimesNewRoman(0)/m/n/14.4 ковариационной матрицы, ограничивает центр распределения
 []


Underfull \hbox (badness 3375) in paragraph at lines 516--520
\TU/TimesNewRoman(0)/m/n/14.4 эллипсом, игнорируя при этом наблюдения, которые находятся
 []

[15]
Underfull \hbox (badness 3148) in paragraph at lines 528--530
\TU/TimesNewRoman(0)/m/n/14.4 для случаев прямой и обратной зависимости кредитоспособности от
 []


Underfull \hbox (badness 10000) in paragraph at lines 532--532
|[]\TU/TimesNewRoman(0)/b/n/14 Исследование статистической зависимости финансовых
 []


Underfull \hbox (badness 1655) in paragraph at lines 534--536
[]\TU/TimesNewRoman(0)/m/n/14.4 Для обнаружения и оценки «парной» зависимости между двумя
 []

[16]
Underfull \hbox (badness 10000) in paragraph at lines 565--567
\TU/TimesNewRoman(0)/m/n/14.4 Здесь $\OML/cmm/m/it/14.4 H\OT1/cmr/m/n/14.4 (\OML/cmm/m/it/14.4 i\OT1/cmr/m/n/14.4 )$ \TU/TimesNewRoman(0)/m/n/14.4 --- $\OML/cmm/m/it/14.4 i$\TU/TimesNewRoman(0)/m/n/14.4 -ое гармоническое число, которое может быть
 []


Underfull \hbox (badness 10000) in paragraph at lines 572--573
[]\TU/TimesNewRoman(0)/m/n/14.4 Практическое применение метода главных компонент (МГК)
 []

[17]
Underfull \hbox (badness 1412) in paragraph at lines 583--584
[]\TU/TimesNewRoman(0)/m/n/14.4 2. Вычисление матрицы парных корреляций для нормированных
 []

[18]
Underfull \hbox (badness 10000) in paragraph at lines 621--622
\TU/TimesNewRoman(0)/m/n/14.4 большей наглядности интерпретации используются дополнительные
 []


Underfull \hbox (badness 10000) in paragraph at lines 621--622
\TU/TimesNewRoman(0)/m/n/14.4 линейные преобразования вектора главных компонент, называемые
 []


Underfull \hbox (badness 1226) in paragraph at lines 623--624
[]\TU/TimesNewRoman(0)/m/n/14.4 9. Вычисление значений интегрального (сводного) показателя по
 []


Underfull \hbox (badness 1199) in paragraph at lines 632--633
[]\TU/TimesNewRoman(0)/m/n/14.4 Переменные $\OML/cmm/m/it/14.4 f[]$ \TU/TimesNewRoman(0)/m/n/14.4 и $\OML/cmm/m/it/14.4 I[]$ \TU/TimesNewRoman(0)/m/n/14.4 по построению центрированы относительно
 []


Underfull \hbox (badness 3601) in paragraph at lines 632--633
\TU/TimesNewRoman(0)/m/n/14.4 нуля, что является удобным при трактовке результатов в контексте
 []


Underfull \hbox (badness 4328) in paragraph at lines 632--633
\TU/TimesNewRoman(0)/m/n/14.4 рассматриваемой задачи: чем больше нуля интегральный показатель
 []


Underfull \hbox (badness 1394) in paragraph at lines 632--633
\TU/TimesNewRoman(0)/m/n/14.4 платежеспособности (кредитоспособности) предприятия, тем выше его
 []


Underfull \hbox (badness 6526) in paragraph at lines 632--633
\TU/TimesNewRoman(0)/m/n/14.4 уровень платежеспособности (кредитоспособности) и соответственно,
 []


Underfull \hbox (badness 10000) in paragraph at lines 632--633
\TU/TimesNewRoman(0)/m/n/14.4 чем меньше его значение, тем ниже уровень платежеспособности
 []

[19]
Underfull \hbox (badness 10000) in paragraph at lines 634--635
[]\TU/TimesNewRoman(0)/m/n/14.4 Таким образом, интегральный показатель платежеспособности
 []


Underfull \hbox (badness 5446) in paragraph at lines 634--635
\TU/TimesNewRoman(0)/m/n/14.4 (кредитоспособности) позволяет классифицировать (ранжировать) все
 []


Underfull \hbox (badness 6675) in paragraph at lines 634--635
\TU/TimesNewRoman(0)/m/n/14.4 этого должны быть определены интервалы значений интегрального
 []


Underfull \hbox (badness 10000) in paragraph at lines 634--635
\TU/TimesNewRoman(0)/m/n/14.4 показателя, соответствующие заданному числу классов. Результаты
 []


Underfull \hbox (badness 6641) in paragraph at lines 636--636
|[]\TU/TimesNewRoman(0)/b/n/14 Построение статистических кредитных рейтингов на основе
 []


Underfull \hbox (badness 3250) in paragraph at lines 638--640
\TU/TimesNewRoman(0)/m/n/14.4 статистических алгоритмов для классификации заемщиков на основе
 []


Underfull \hbox (badness 10000) in paragraph at lines 640--641
\TU/TimesNewRoman(0)/m/n/14.4 случае) и алгоритмов расщепления смесей распределения (в
 []


Underfull \hbox (badness 4391) in paragraph at lines 646--647
[]\TU/TimesNewRoman(0)/m/n/14.4 Данный алгоритм основывается на предположении о взаимной
 []

[20]
Underfull \hbox (badness 5533) in paragraph at lines 652--653
[]\TU/TimesNewRoman(0)/m/n/14.4 Таким образом, правило (2.12) имеет простую интерпретацию:
 []


Underfull \hbox (badness 2213) in paragraph at lines 652--653
\TU/TimesNewRoman(0)/m/n/14.4 необходимость перенумерации кластеров в соответствии со степенью
 []


Underfull \hbox (badness 3333) in paragraph at lines 658--659
\TU/TimesNewRoman(0)/m/n/14.4 наиболее близких кластеров; он реализуется с помощью следующей
 []

[21]
Underfull \hbox (badness 2173) in paragraph at lines 662--663
\TU/TimesNewRoman(0)/m/n/14.4 итерация $\OML/cmm/m/it/14.4 t$ \TU/TimesNewRoman(0)/m/n/14.4 и получен набор $\OML/cmm/m/it/14.4 L[]$ \TU/TimesNewRoman(0)/m/n/14.4 кластеров: $[]\OML/cmm/m/it/14.4 ; [] ;[]$\TU/TimesNewRoman(0)/m/n/14.4 . Найдём пару
 []


Underfull \hbox (badness 7667) in paragraph at lines 673--674
[]\TU/TimesNewRoman(0)/m/n/14.4 После этого кластеры с минимальной метрикой между ними
 []

[22]
Underfull \hbox (badness 7631) in paragraph at lines 687--688
\TU/TimesNewRoman(0)/m/n/14.4 по нефинансовым предприятиям. Источником информации является
 []


Underfull \hbox (badness 2119) in paragraph at lines 687--688
\TU/TimesNewRoman(0)/m/n/14.4 (информация представляется за отчетный год) и квартальные данные
 []


Underfull \hbox (badness 1152) in paragraph at lines 687--688
\TU/TimesNewRoman(0)/m/n/14.4 9 месяцев, 12 месяцев). С целью сокращения исходного пространства
 []


Underfull \hbox (badness 10000) in paragraph at lines 687--688
\TU/TimesNewRoman(0)/m/n/14.4 деятельности предприятий. Далее приводится список финансовых
 []


Underfull \hbox (badness 10000) in paragraph at lines 694--695
[]\TU/TimesNewRoman(0)/m/n/14.4 K3 -- коэффициент ликвидности средств в обращении
 []

[23

]
Underfull \hbox (badness 10000) in paragraph at lines 717--718
[]\TU/TimesNewRoman(0)/m/n/14.4 K14 -- коэффициент оборачиваемости кредиторской
 []


Underfull \hbox (badness 10000) in paragraph at lines 719--720
[]\TU/TimesNewRoman(0)/m/n/14.4 K16 -- коэффициент соотношения длительности периодов
 []


Underfull \hbox (badness 1163) in paragraph at lines 733--734
[]\TU/TimesNewRoman(0)/m/n/14.4 В таблице 3.1 приведены коэффициенты парной корреляции для
 []


Underfull \hbox (badness 10000) in paragraph at lines 733--734
\TU/TimesNewRoman(0)/m/n/14.4 показателями. Наиболее сильная взаимосвязь наблюдается между
 []

LaTeX Font Info:    Font shape `TU/TimesNewRoman(0)/m/n' will be
(Font)              scaled to size 8.0pt on input line 740.
LaTeX Font Info:    Font shape `TU/TimesNewRoman(0)/m/n' will be
(Font)              scaled to size 6.0pt on input line 740.
[24]
Underfull \hbox (badness 10000) in paragraph at lines 760--760
|[]\TU/TimesNewRoman(0)/b/n/14 Результаты формирования классификационных признаков с
 []


Underfull \hbox (badness 5985) in paragraph at lines 764--765
[]\TU/TimesNewRoman(0)/m/n/14.4 В соответствии с таблицей 3.2, нулевая гипотеза о том, что
 []


Underfull \hbox (badness 3492) in paragraph at lines 764--765
\TU/TimesNewRoman(0)/m/n/14.4 корреляционная матрица является единичной, отклоняется критерием
 []

[25]
Overfull \hbox (30.90578pt too wide) in paragraph at lines 787--800
 [][] 
 []


Underfull \hbox (badness 1454) in paragraph at lines 804--805
[]\TU/TimesNewRoman(0)/m/n/14.4 Вращение факторов позволяет достичь более простой структуры
 []


Underfull \hbox (badness 1478) in paragraph at lines 804--805
\TU/TimesNewRoman(0)/m/n/14.4 факторных нагрузок для исходных переменных, что может несколько
 []


Underfull \hbox (badness 10000) in paragraph at lines 806--807
\TU/TimesNewRoman(0)/m/n/14.4 наиболее тесно коррелируют показатели ликвидности, со второй
 []


Underfull \hbox (badness 10000) in paragraph at lines 806--807
\TU/TimesNewRoman(0)/m/n/14.4 --- коэффициенты деловой активности, с третьей --- коэффициент
 []


Underfull \hbox (badness 10000) in paragraph at lines 806--807
\TU/TimesNewRoman(0)/m/n/14.4 обеспеченности финансовых обязательств активами и коэффициент
 []


Underfull \hbox (badness 7869) in paragraph at lines 806--807
\TU/TimesNewRoman(0)/m/n/14.4 мобильности средств, с четвёртой --- коэффициент обеспеченности
 []


Underfull \hbox (badness 10000) in paragraph at lines 812--813
[]\TU/TimesNewRoman(0)/m/n/14.4 Для классификации рассматриваемой выборки предприятий
 []


Underfull \hbox (badness 1960) in paragraph at lines 812--813
\TU/TimesNewRoman(0)/m/n/14.4 используется алгоритм K-средних в пространстве главных компонент.
 []

[26]
Underfull \hbox (badness 4013) in paragraph at lines 832--833
[]\TU/TimesNewRoman(0)/m/n/14.4 В таблице 3.7 предоставлено, каким образом переопределялась
 []


Overfull \hbox (8.66077pt too wide) in paragraph at lines 874--884
 [][] 
 []

[27]
Underfull \hbox (badness 1558) in paragraph at lines 886--886
|[]\TU/TimesNewRoman(0)/b/n/14 Результаты классификации, полученные с помощью алгоритма
 []

<media/image2.png, id=245, 646.28954pt x 354.9511pt>
File: media/image2.png Graphic file (type png)
<use media/image2.png>
Package luatex.def Info: media/image2.png  used on input line 894.
(luatex.def)             Requested size: 469.47049pt x 257.83934pt.
[28<./media/image2.png>]
Underfull \hbox (badness 2065) in paragraph at lines 918--919
[]\TU/TimesNewRoman(0)/m/n/14.4 В таблице 3.11 предоставлено, каким образом переопределялась
 []


Underfull \hbox (badness 2181) in paragraph at lines 936--937
[]\TU/TimesNewRoman(0)/m/n/14.4 В таблице 3.12 представлено количество наблюдений в каждом
 []


Underfull \hbox (badness 10000) in paragraph at lines 954--955
[]\TU/TimesNewRoman(0)/m/n/14.4 В таблице 3.13 представлена описательная статистика для
 []


Overfull \hbox (8.66077pt too wide) in paragraph at lines 960--970
 [][] 
 []


Underfull \hbox (badness 1902) in paragraph at lines 972--972
|[]\TU/TimesNewRoman(0)/b/n/14 Сравнительный анализ результатов построения статистических
 []

[29] [30]
Underfull \hbox (badness 3679) in paragraph at lines 984--985
[]\TU/TimesNewRoman(0)/m/n/14.4 подготовлен обзор существующих методов анализа финансовой
 []


Underfull \hbox (badness 1584) in paragraph at lines 986--987
[]\TU/TimesNewRoman(0)/m/n/14.4 построены статистические кредитные рейтинги с помощью двух
 []


Underfull \hbox (badness 1609) in paragraph at lines 986--987
\TU/TimesNewRoman(0)/m/n/14.4 алгоритмов кластерного анализа и проведена их содержательная
 []


Underfull \hbox (badness 10000) in paragraph at lines 989--990
[]\TU/TimesNewRoman(0)/m/n/14.4 В первом кластере находятся предприятия с очень высокой
 []


Underfull \hbox (badness 10000) in paragraph at lines 989--990
\TU/TimesNewRoman(0)/m/n/14.4 платёжеспособностью (кредитоспособностью), во втором --- с
 []

[31

]
Underfull \hbox (badness 10000) in paragraph at lines 998--999
[]\TU/TimesNewRoman(0)/m/n/14.4 Малюгин, В.И. Система статистических кредитных рейтингов
 []

[32

]
Underfull \hbox (badness 10000) in paragraph at lines 1010--1011
[]\TU/TimesNewRoman(0)/m/n/14.4 Карминский, А.М. Модели корпоративных рейтингов для
 []


Underfull \hbox (badness 10000) in paragraph at lines 1010--1011
\TU/TimesNewRoman(0)/m/n/14.4 развивающихся рынков / А.М. Карминский // Корпоративные
 []

[33] [34] (./CourseWork.aux)
 ***********
LaTeX2e <2025-11-01>
L3 programming layer <2026-01-19>
 ***********


LaTeX Warning: Label(s) may have changed. Rerun to get cross-references right.

)

Here is how much of LuaTeX's memory you used:
 18892 strings out of 476076
 125240,953878 words of node,token memory allocated
 1040 words of node memory still in use:
   8 hlist, 2 vlist, 2 rule, 1 local_par, 4 glue, 4 kern, 1 penalty, 3 glyph, 119 attribute, 71 glue_spec, 60 attribute_list, 1 write, 12 pdf_action nodes
   avail lists: 1:1,2:1303,3:211,4:138,5:237,6:44,7:5910,8:70,9:544,10:14,11:224
 40867 multiletter control sequences out of 65536+600000
 70 fonts using 6860847 bytes
 86i,11n,96p,2056b,657s stack positions out of 10000i,1000n,20000p,200000b,200000s
</usr/share/fonts/TTF/Timesi.TTF></usr/share/fonts/TTF/Timesbd.TTF></usr/share/fonts/TTF/Times.TTF></usr/share/texmf-dist/fonts/type1/public/amsfonts/cm/cmex10.pfb></usr/share/texmf-dist/fonts/type1/public/amsfonts/cm/cmmi10.pfb></usr/share/texmf-dist/fonts/type1/public/amsfonts/cm/cmmi12.pfb></usr/share/texmf-dist/fonts/type1/public/amsfonts/cm/cmmi7.pfb></usr/share/texmf-dist/fonts/type1/public/amsfonts/cm/cmr10.pfb></usr/share/texmf-dist/fonts/type1/public/amsfonts/cm/cmr12.pfb></usr/share/texmf-dist/fonts/type1/public/amsfonts/cm/cmsy10.pfb></usr/share/texmf-dist/fonts/type1/public/amsfonts/symbols/msbm10.pfb>
Output written on CourseWork.pdf (34 pages, 365989 bytes).

PDF statistics: 429 PDF objects out of 1000 (max. 8388607)
 369 compressed objects within 4 object streams
 134 named destinations out of 1000 (max. 1048576)
 185 words of extra memory for PDF output out of 10000 (max. 100000000)

